// Jest Snapshot v1, https://goo.gl/fbAQLP

exports[`App Component Snapshot Testing 1`] = `ReactWrapper {}`;

exports[`App Component snapshot Testing 1`] = `ReactWrapper {}`;

exports[`Snapshot Testing 1`] = `ReactWrapper {}`;
